// Jest Snapshot v1, https://goo.gl/fbAQLP

exports[`simpleComponent snapshot 1`] = `
<div>
  <p>
    testing123
  </p>
</div>
`;
